Archive member included to satisfy reference by file (symbol)

c:/program files/microchip/xc8/v2.36/avr/bin/../lib/gcc/avr/5.4.0/avr5/memx-const\libgcc.a(_divmodhi4.o)
                              coder_7seg.o (__divmodhi4)
c:/program files/microchip/xc8/v2.36/avr/bin/../lib/gcc/avr/5.4.0/avr5/memx-const\libgcc.a(_tablejump2.o)
                              coder_7seg.o (__tablejump2__)
c:/program files/microchip/xc8/v2.36/avr/bin/../lib/gcc/avr/5.4.0/avr5/memx-const\libgcc.a(_copy_data.o)
                              main.o (__do_copy_data)
c:/program files/microchip/xc8/v2.36/avr/bin/../lib/gcc/avr/5.4.0/avr5/memx-const\libgcc.a(_umulhisi3.o)
                              display_7s.o (__umulhisi3)
c:/program files/microchip/xc8/v2.36/avr/bin/../lib/gcc/avr/5.4.0/avr5/memx-const\libgcc.a(_udivmodhi4.o)
                              c:/program files/microchip/xc8/v2.36/avr/bin/../lib/gcc/avr/5.4.0/avr5/memx-const\libgcc.a(_divmodhi4.o) (__udivmodhi4)
c:/program files/microchip/xc8/v2.36/avr/bin/../lib/gcc/avr/5.4.0/../../../../avr/lib/avr5/memx-const\libc.a(exit.o)
                              C:/Program Files (x86)/Atmel/Studio/7.0/Packs/atmel/ATmega_DFP/1.7.374/xc8/avr/lib/avr5/memx-const/crtatmega16.o (exit)
c:/program files/microchip/xc8/v2.36/avr/bin/../lib/gcc/avr/5.4.0/../../../../avr/lib/avr5/memx-const\libc.a(_Exit.o)
                              c:/program files/microchip/xc8/v2.36/avr/bin/../lib/gcc/avr/5.4.0/../../../../avr/lib/avr5/memx-const\libc.a(exit.o) (_Exit)
c:/program files/microchip/xc8/v2.36/avr/bin/../lib/gcc/avr/5.4.0/avr5/memx-const\libgcc.a(_exit.o)
                              c:/program files/microchip/xc8/v2.36/avr/bin/../lib/gcc/avr/5.4.0/../../../../avr/lib/avr5/memx-const\libc.a(_Exit.o) (_exit)

Allocating common symbols
Common symbol       size              file

TIME_ON             0x2               display_7s.o
TIME_OFF            0x2               display_7s.o

Discarded input sections

 .data          0x0000000000000000        0x0 C:/Program Files (x86)/Atmel/Studio/7.0/Packs/atmel/ATmega_DFP/1.7.374/xc8/avr/lib/avr5/memx-const/crtatmega16.o
 .bss           0x0000000000000000        0x0 C:/Program Files (x86)/Atmel/Studio/7.0/Packs/atmel/ATmega_DFP/1.7.374/xc8/avr/lib/avr5/memx-const/crtatmega16.o
 .text          0x0000000000000000        0x0 coder_7seg.o
 .data          0x0000000000000000        0x0 coder_7seg.o
 .bss           0x0000000000000000        0x0 coder_7seg.o
 .text          0x0000000000000000        0x0 display_7s.o
 .data          0x0000000000000000        0x0 display_7s.o
 .bss           0x0000000000000000        0x0 display_7s.o
 .text.displayInit
                0x0000000000000000       0x1a display_7s.o
 .text.displaySegment
                0x0000000000000000       0x78 display_7s.o
 .bss.separator_on
                0x0000000000000000        0x1 display_7s.o
 .text          0x0000000000000000        0x0 main.o
 .data          0x0000000000000000        0x0 main.o
 .bss           0x0000000000000000        0x0 main.o
 .text.getBrigthness
                0x0000000000000000       0x2c main.o
 .text.ledDisplayAction
                0x0000000000000000       0x5a main.o
 .text          0x0000000000000000        0x0 RTC.o
 .data          0x0000000000000000        0x0 RTC.o
 .bss           0x0000000000000000        0x0 RTC.o
 .text.RTCWrite
                0x0000000000000000       0x2a RTC.o
 .text.GetWeekDay
                0x0000000000000000        0x8 RTC.o
 .text.GetTempUpper
                0x0000000000000000        0x8 RTC.o
 .text.GetTempLower
                0x0000000000000000        0x8 RTC.o
 .text.SendHours
                0x0000000000000000        0xa RTC.o
 .text.SendMinutes
                0x0000000000000000        0xa RTC.o
 .text.SendSeconds
                0x0000000000000000        0xa RTC.o
 .text.SendWeekDay
                0x0000000000000000        0xa RTC.o
 .text.SendMonthDay
                0x0000000000000000        0xa RTC.o
 .text.SendMonth
                0x0000000000000000        0xa RTC.o
 .text.SendYear
                0x0000000000000000        0xa RTC.o
 .text          0x0000000000000000        0x0 TWI_Master.o
 .data          0x0000000000000000        0x0 TWI_Master.o
 .bss           0x0000000000000000        0x0 TWI_Master.o
 .text.TWI_Get_State_Info
                0x0000000000000000        0xe TWI_Master.o
 .text.TWI_Start_Transceiver
                0x0000000000000000       0x1e TWI_Master.o
 .text          0x0000000000000000        0x0 c:/program files/microchip/xc8/v2.36/avr/bin/../lib/gcc/avr/5.4.0/avr5/memx-const\libgcc.a(_divmodhi4.o)
 .data          0x0000000000000000        0x0 c:/program files/microchip/xc8/v2.36/avr/bin/../lib/gcc/avr/5.4.0/avr5/memx-const\libgcc.a(_divmodhi4.o)
 .bss           0x0000000000000000        0x0 c:/program files/microchip/xc8/v2.36/avr/bin/../lib/gcc/avr/5.4.0/avr5/memx-const\libgcc.a(_divmodhi4.o)
 .text.libgcc.mul
                0x0000000000000000        0x0 c:/program files/microchip/xc8/v2.36/avr/bin/../lib/gcc/avr/5.4.0/avr5/memx-const\libgcc.a(_divmodhi4.o)
 .stack.descriptors
                0x0000000000000000       0x19 c:/program files/microchip/xc8/v2.36/avr/bin/../lib/gcc/avr/5.4.0/avr5/memx-const\libgcc.a(_divmodhi4.o)
 .text.libgcc   0x0000000000000000        0x0 c:/program files/microchip/xc8/v2.36/avr/bin/../lib/gcc/avr/5.4.0/avr5/memx-const\libgcc.a(_divmodhi4.o)
 .text.libgcc.prologue
                0x0000000000000000        0x0 c:/program files/microchip/xc8/v2.36/avr/bin/../lib/gcc/avr/5.4.0/avr5/memx-const\libgcc.a(_divmodhi4.o)
 .text.libgcc.builtins
                0x0000000000000000        0x0 c:/program files/microchip/xc8/v2.36/avr/bin/../lib/gcc/avr/5.4.0/avr5/memx-const\libgcc.a(_divmodhi4.o)
 .text.libgcc.fmul
                0x0000000000000000        0x0 c:/program files/microchip/xc8/v2.36/avr/bin/../lib/gcc/avr/5.4.0/avr5/memx-const\libgcc.a(_divmodhi4.o)
 .text.libgcc.fixed
                0x0000000000000000        0x0 c:/program files/microchip/xc8/v2.36/avr/bin/../lib/gcc/avr/5.4.0/avr5/memx-const\libgcc.a(_divmodhi4.o)
 .text          0x0000000000000000        0x0 c:/program files/microchip/xc8/v2.36/avr/bin/../lib/gcc/avr/5.4.0/avr5/memx-const\libgcc.a(_tablejump2.o)
 .data          0x0000000000000000        0x0 c:/program files/microchip/xc8/v2.36/avr/bin/../lib/gcc/avr/5.4.0/avr5/memx-const\libgcc.a(_tablejump2.o)
 .bss           0x0000000000000000        0x0 c:/program files/microchip/xc8/v2.36/avr/bin/../lib/gcc/avr/5.4.0/avr5/memx-const\libgcc.a(_tablejump2.o)
 .text.libgcc.mul
                0x0000000000000000        0x0 c:/program files/microchip/xc8/v2.36/avr/bin/../lib/gcc/avr/5.4.0/avr5/memx-const\libgcc.a(_tablejump2.o)
 .text.libgcc.div
                0x0000000000000000        0x0 c:/program files/microchip/xc8/v2.36/avr/bin/../lib/gcc/avr/5.4.0/avr5/memx-const\libgcc.a(_tablejump2.o)
 .text.libgcc.prologue
                0x0000000000000000        0x0 c:/program files/microchip/xc8/v2.36/avr/bin/../lib/gcc/avr/5.4.0/avr5/memx-const\libgcc.a(_tablejump2.o)
 .stack.descriptors
                0x0000000000000000       0x1c c:/program files/microchip/xc8/v2.36/avr/bin/../lib/gcc/avr/5.4.0/avr5/memx-const\libgcc.a(_tablejump2.o)
 .text.libgcc.builtins
                0x0000000000000000        0x0 c:/program files/microchip/xc8/v2.36/avr/bin/../lib/gcc/avr/5.4.0/avr5/memx-const\libgcc.a(_tablejump2.o)
 .text.libgcc.fmul
                0x0000000000000000        0x0 c:/program files/microchip/xc8/v2.36/avr/bin/../lib/gcc/avr/5.4.0/avr5/memx-const\libgcc.a(_tablejump2.o)
 .text.libgcc.fixed
                0x0000000000000000        0x0 c:/program files/microchip/xc8/v2.36/avr/bin/../lib/gcc/avr/5.4.0/avr5/memx-const\libgcc.a(_tablejump2.o)
 .text          0x0000000000000000        0x0 c:/program files/microchip/xc8/v2.36/avr/bin/../lib/gcc/avr/5.4.0/avr5/memx-const\libgcc.a(_copy_data.o)
 .data          0x0000000000000000        0x0 c:/program files/microchip/xc8/v2.36/avr/bin/../lib/gcc/avr/5.4.0/avr5/memx-const\libgcc.a(_copy_data.o)
 .bss           0x0000000000000000        0x0 c:/program files/microchip/xc8/v2.36/avr/bin/../lib/gcc/avr/5.4.0/avr5/memx-const\libgcc.a(_copy_data.o)
 .text.libgcc.mul
                0x0000000000000000        0x0 c:/program files/microchip/xc8/v2.36/avr/bin/../lib/gcc/avr/5.4.0/avr5/memx-const\libgcc.a(_copy_data.o)
 .text.libgcc.div
                0x0000000000000000        0x0 c:/program files/microchip/xc8/v2.36/avr/bin/../lib/gcc/avr/5.4.0/avr5/memx-const\libgcc.a(_copy_data.o)
 .text.libgcc   0x0000000000000000        0x0 c:/program files/microchip/xc8/v2.36/avr/bin/../lib/gcc/avr/5.4.0/avr5/memx-const\libgcc.a(_copy_data.o)
 .text.libgcc.prologue
                0x0000000000000000        0x0 c:/program files/microchip/xc8/v2.36/avr/bin/../lib/gcc/avr/5.4.0/avr5/memx-const\libgcc.a(_copy_data.o)
 .text.libgcc.builtins
                0x0000000000000000        0x0 c:/program files/microchip/xc8/v2.36/avr/bin/../lib/gcc/avr/5.4.0/avr5/memx-const\libgcc.a(_copy_data.o)
 .text.libgcc.fmul
                0x0000000000000000        0x0 c:/program files/microchip/xc8/v2.36/avr/bin/../lib/gcc/avr/5.4.0/avr5/memx-const\libgcc.a(_copy_data.o)
 .text.libgcc.fixed
                0x0000000000000000        0x0 c:/program files/microchip/xc8/v2.36/avr/bin/../lib/gcc/avr/5.4.0/avr5/memx-const\libgcc.a(_copy_data.o)
 .text          0x0000000000000000        0x0 c:/program files/microchip/xc8/v2.36/avr/bin/../lib/gcc/avr/5.4.0/avr5/memx-const\libgcc.a(_umulhisi3.o)
 .data          0x0000000000000000        0x0 c:/program files/microchip/xc8/v2.36/avr/bin/../lib/gcc/avr/5.4.0/avr5/memx-const\libgcc.a(_umulhisi3.o)
 .bss           0x0000000000000000        0x0 c:/program files/microchip/xc8/v2.36/avr/bin/../lib/gcc/avr/5.4.0/avr5/memx-const\libgcc.a(_umulhisi3.o)
 .stack.descriptors
                0x0000000000000000       0x19 c:/program files/microchip/xc8/v2.36/avr/bin/../lib/gcc/avr/5.4.0/avr5/memx-const\libgcc.a(_umulhisi3.o)
 .text.libgcc.div
                0x0000000000000000        0x0 c:/program files/microchip/xc8/v2.36/avr/bin/../lib/gcc/avr/5.4.0/avr5/memx-const\libgcc.a(_umulhisi3.o)
 .text.libgcc   0x0000000000000000        0x0 c:/program files/microchip/xc8/v2.36/avr/bin/../lib/gcc/avr/5.4.0/avr5/memx-const\libgcc.a(_umulhisi3.o)
 .text.libgcc.prologue
                0x0000000000000000        0x0 c:/program files/microchip/xc8/v2.36/avr/bin/../lib/gcc/avr/5.4.0/avr5/memx-const\libgcc.a(_umulhisi3.o)
 .text.libgcc.builtins
                0x0000000000000000        0x0 c:/program files/microchip/xc8/v2.36/avr/bin/../lib/gcc/avr/5.4.0/avr5/memx-const\libgcc.a(_umulhisi3.o)
 .text.libgcc.fmul
                0x0000000000000000        0x0 c:/program files/microchip/xc8/v2.36/avr/bin/../lib/gcc/avr/5.4.0/avr5/memx-const\libgcc.a(_umulhisi3.o)
 .text.libgcc.fixed
                0x0000000000000000        0x0 c:/program files/microchip/xc8/v2.36/avr/bin/../lib/gcc/avr/5.4.0/avr5/memx-const\libgcc.a(_umulhisi3.o)
 .text          0x0000000000000000        0x0 c:/program files/microchip/xc8/v2.36/avr/bin/../lib/gcc/avr/5.4.0/avr5/memx-const\libgcc.a(_udivmodhi4.o)
 .data          0x0000000000000000        0x0 c:/program files/microchip/xc8/v2.36/avr/bin/../lib/gcc/avr/5.4.0/avr5/memx-const\libgcc.a(_udivmodhi4.o)
 .bss           0x0000000000000000        0x0 c:/program files/microchip/xc8/v2.36/avr/bin/../lib/gcc/avr/5.4.0/avr5/memx-const\libgcc.a(_udivmodhi4.o)
 .text.libgcc.mul
                0x0000000000000000        0x0 c:/program files/microchip/xc8/v2.36/avr/bin/../lib/gcc/avr/5.4.0/avr5/memx-const\libgcc.a(_udivmodhi4.o)
 .stack.descriptors
                0x0000000000000000       0x1a c:/program files/microchip/xc8/v2.36/avr/bin/../lib/gcc/avr/5.4.0/avr5/memx-const\libgcc.a(_udivmodhi4.o)
 .text.libgcc   0x0000000000000000        0x0 c:/program files/microchip/xc8/v2.36/avr/bin/../lib/gcc/avr/5.4.0/avr5/memx-const\libgcc.a(_udivmodhi4.o)
 .text.libgcc.prologue
                0x0000000000000000        0x0 c:/program files/microchip/xc8/v2.36/avr/bin/../lib/gcc/avr/5.4.0/avr5/memx-const\libgcc.a(_udivmodhi4.o)
 .text.libgcc.builtins
                0x0000000000000000        0x0 c:/program files/microchip/xc8/v2.36/avr/bin/../lib/gcc/avr/5.4.0/avr5/memx-const\libgcc.a(_udivmodhi4.o)
 .text.libgcc.fmul
                0x0000000000000000        0x0 c:/program files/microchip/xc8/v2.36/avr/bin/../lib/gcc/avr/5.4.0/avr5/memx-const\libgcc.a(_udivmodhi4.o)
 .text.libgcc.fixed
                0x0000000000000000        0x0 c:/program files/microchip/xc8/v2.36/avr/bin/../lib/gcc/avr/5.4.0/avr5/memx-const\libgcc.a(_udivmodhi4.o)
 .text          0x0000000000000000        0x0 c:/program files/microchip/xc8/v2.36/avr/bin/../lib/gcc/avr/5.4.0/../../../../avr/lib/avr5/memx-const\libc.a(exit.o)
 .data          0x0000000000000000        0x0 c:/program files/microchip/xc8/v2.36/avr/bin/../lib/gcc/avr/5.4.0/../../../../avr/lib/avr5/memx-const\libc.a(exit.o)
 .bss           0x0000000000000000        0x0 c:/program files/microchip/xc8/v2.36/avr/bin/../lib/gcc/avr/5.4.0/../../../../avr/lib/avr5/memx-const\libc.a(exit.o)
 .text          0x0000000000000000        0x0 c:/program files/microchip/xc8/v2.36/avr/bin/../lib/gcc/avr/5.4.0/../../../../avr/lib/avr5/memx-const\libc.a(_Exit.o)
 .data          0x0000000000000000        0x0 c:/program files/microchip/xc8/v2.36/avr/bin/../lib/gcc/avr/5.4.0/../../../../avr/lib/avr5/memx-const\libc.a(_Exit.o)
 .bss           0x0000000000000000        0x0 c:/program files/microchip/xc8/v2.36/avr/bin/../lib/gcc/avr/5.4.0/../../../../avr/lib/avr5/memx-const\libc.a(_Exit.o)
 .text          0x0000000000000000        0x0 c:/program files/microchip/xc8/v2.36/avr/bin/../lib/gcc/avr/5.4.0/avr5/memx-const\libgcc.a(_exit.o)
 .data          0x0000000000000000        0x0 c:/program files/microchip/xc8/v2.36/avr/bin/../lib/gcc/avr/5.4.0/avr5/memx-const\libgcc.a(_exit.o)
 .bss           0x0000000000000000        0x0 c:/program files/microchip/xc8/v2.36/avr/bin/../lib/gcc/avr/5.4.0/avr5/memx-const\libgcc.a(_exit.o)
 .text.libgcc.mul
                0x0000000000000000        0x0 c:/program files/microchip/xc8/v2.36/avr/bin/../lib/gcc/avr/5.4.0/avr5/memx-const\libgcc.a(_exit.o)
 .text.libgcc.div
                0x0000000000000000        0x0 c:/program files/microchip/xc8/v2.36/avr/bin/../lib/gcc/avr/5.4.0/avr5/memx-const\libgcc.a(_exit.o)
 .text.libgcc   0x0000000000000000        0x0 c:/program files/microchip/xc8/v2.36/avr/bin/../lib/gcc/avr/5.4.0/avr5/memx-const\libgcc.a(_exit.o)
 .text.libgcc.prologue
                0x0000000000000000        0x0 c:/program files/microchip/xc8/v2.36/avr/bin/../lib/gcc/avr/5.4.0/avr5/memx-const\libgcc.a(_exit.o)
 .stack.descriptors
                0x0000000000000000       0x13 c:/program files/microchip/xc8/v2.36/avr/bin/../lib/gcc/avr/5.4.0/avr5/memx-const\libgcc.a(_exit.o)
 .text.libgcc.builtins
                0x0000000000000000        0x0 c:/program files/microchip/xc8/v2.36/avr/bin/../lib/gcc/avr/5.4.0/avr5/memx-const\libgcc.a(_exit.o)
 .text.libgcc.fmul
                0x0000000000000000        0x0 c:/program files/microchip/xc8/v2.36/avr/bin/../lib/gcc/avr/5.4.0/avr5/memx-const\libgcc.a(_exit.o)
 .text.libgcc.fixed
                0x0000000000000000        0x0 c:/program files/microchip/xc8/v2.36/avr/bin/../lib/gcc/avr/5.4.0/avr5/memx-const\libgcc.a(_exit.o)

Memory Configuration

Name             Origin             Length             Attributes
text             0x0000000000000000 0x0000000000004000 xr
data             0x0000000000800060 0x0000000000000400 rw !x
eeprom           0x0000000000810000 0x0000000000000200 rw !x
fuse             0x0000000000820000 0x0000000000000002 rw !x
lock             0x0000000000830000 0x0000000000000400 rw !x
signature        0x0000000000840000 0x0000000000000400 rw !x
user_signatures  0x0000000000850000 0x0000000000000400 rw !x
*default*        0x0000000000000000 0xffffffffffffffff

Linker script and memory map

LOAD C:/Program Files (x86)/Atmel/Studio/7.0/Packs/atmel/ATmega_DFP/1.7.374/xc8/avr/lib/avr5/memx-const/crtatmega16.o
LOAD coder_7seg.o
LOAD display_7s.o
LOAD main.o
LOAD RTC.o
LOAD TWI_Master.o
START GROUP
LOAD c:/program files/microchip/xc8/v2.36/avr/bin/../lib/gcc/avr/5.4.0/../../../../avr/lib/avr5/memx-const\libm.a
END GROUP
START GROUP
LOAD c:/program files/microchip/xc8/v2.36/avr/bin/../lib/gcc/avr/5.4.0/avr5/memx-const\libgcc.a
LOAD c:/program files/microchip/xc8/v2.36/avr/bin/../lib/gcc/avr/5.4.0/../../../../avr/lib/avr5/memx-const\libm.a
LOAD c:/program files/microchip/xc8/v2.36/avr/bin/../lib/gcc/avr/5.4.0/../../../../avr/lib/avr5/memx-const\libc.a
LOAD C:/Program Files (x86)/Atmel/Studio/7.0/Packs/atmel/ATmega_DFP/1.7.374/xc8/avr/lib/avr5/memx-const\libatmega16.a
END GROUP
                0x0000000000000000                __TEXT_REGION_ORIGIN__ = DEFINED (__TEXT_REGION_ORIGIN__)?__TEXT_REGION_ORIGIN__:0x0
                [0x0000000000800060]                __DATA_REGION_ORIGIN__ = DEFINED (__DATA_REGION_ORIGIN__)?__DATA_REGION_ORIGIN__:0x800060
                [0x0000000000004000]                __TEXT_REGION_LENGTH__ = DEFINED (__TEXT_REGION_LENGTH__)?__TEXT_REGION_LENGTH__:0x20000
                [0x0000000000000400]                __DATA_REGION_LENGTH__ = DEFINED (__DATA_REGION_LENGTH__)?__DATA_REGION_LENGTH__:0xffa0
                [0x0000000000000200]                __EEPROM_REGION_LENGTH__ = DEFINED (__EEPROM_REGION_LENGTH__)?__EEPROM_REGION_LENGTH__:0x10000
                [0x0000000000000002]                __FUSE_REGION_LENGTH__ = DEFINED (__FUSE_REGION_LENGTH__)?__FUSE_REGION_LENGTH__:0x400
                0x0000000000000400                __LOCK_REGION_LENGTH__ = DEFINED (__LOCK_REGION_LENGTH__)?__LOCK_REGION_LENGTH__:0x400
                0x0000000000000400                __SIGNATURE_REGION_LENGTH__ = DEFINED (__SIGNATURE_REGION_LENGTH__)?__SIGNATURE_REGION_LENGTH__:0x400
                0x0000000000000400                __USER_SIGNATURE_REGION_LENGTH__ = DEFINED (__USER_SIGNATURE_REGION_LENGTH__)?__USER_SIGNATURE_REGION_LENGTH__:0x400

.hash
 *(.hash)

.dynsym
 *(.dynsym)

.dynstr
 *(.dynstr)

.gnu.version
 *(.gnu.version)

.gnu.version_d
 *(.gnu.version_d)

.gnu.version_r
 *(.gnu.version_r)

.rel.init
 *(.rel.init)

.rela.init
 *(.rela.init)

.rel.text
 *(.rel.text)
 *(.rel.text.*)
 *(.rel.gnu.linkonce.t*)

.rela.text
 *(.rela.text)
 *(.rela.text.*)
 *(.rela.gnu.linkonce.t*)

.rel.fini
 *(.rel.fini)

.rela.fini
 *(.rela.fini)

.rel.rodata
 *(.rel.rodata)
 *(.rel.rodata.*)
 *(.rel.gnu.linkonce.r*)

.rela.rodata
 *(.rela.rodata)
 *(.rela.rodata.*)
 *(.rela.gnu.linkonce.r*)

.rel.data
 *(.rel.data)
 *(.rel.data.*)
 *(.rel.gnu.linkonce.d*)

.rela.data
 *(.rela.data)
 *(.rela.data.*)
 *(.rela.gnu.linkonce.d*)

.rel.ctors
 *(.rel.ctors)

.rela.ctors
 *(.rela.ctors)

.rel.dtors
 *(.rel.dtors)

.rela.dtors
 *(.rela.dtors)

.rel.got
 *(.rel.got)

.rela.got
 *(.rela.got)

.rel.bss
 *(.rel.bss)

.rela.bss
 *(.rela.bss)

.rel.plt
 *(.rel.plt)

.rela.plt
 *(.rela.plt)

.text           0x0000000000000000      0x17e
 *(.vectors)
 .vectors       0x0000000000000000       0x54 C:/Program Files (x86)/Atmel/Studio/7.0/Packs/atmel/ATmega_DFP/1.7.374/xc8/avr/lib/avr5/memx-const/crtatmega16.o
                0x0000000000000000                __vector_default
                0x0000000000000000                __vectors
 *(.vectors)
 *(.progmem.gcc*)
 .progmem.gcc_sw_table.codeToDisplay
                0x0000000000000054       0x16 coder_7seg.o
 .progmem.gcc_sw_table.__vector_17
                0x000000000000006a       0xa2 TWI_Master.o
 *(.dinit)
 .dinit         0x000000000000010c       0x1d data_init
                0x000000000000012a                . = ALIGN (0x2)
 *fill*         0x0000000000000129        0x1 
                0x000000000000012a                __trampolines_start = .
 *(.trampolines)
 .trampolines   0x000000000000012a        0x0 linker stubs
 *(.trampolines*)
                0x000000000000012a                __trampolines_end = .
 *libprintf_flt.a:*(.progmem.data)
 *libc.a:*(.progmem.data)
                0x000000000000012a                . = ALIGN (0x2)
 *(.jumptables)
 *(.jumptables*)
 *(.lowtext)
 *(.lowtext*)
                0x000000000000012a                __ctors_start = .
 *(.ctors)
                0x000000000000012a                __ctors_end = .
                0x000000000000012a                __dtors_start = .
 *(.dtors)
                0x000000000000012a                __dtors_end = .
 SORT(*)(.ctors)
 SORT(*)(.dtors)
 *(.init0)
 .init0         0x000000000000012a        0x0 C:/Program Files (x86)/Atmel/Studio/7.0/Packs/atmel/ATmega_DFP/1.7.374/xc8/avr/lib/avr5/memx-const/crtatmega16.o
                0x000000000000012a                __init
 *(.init0)
 *(.init1)
 *(.init1)
 *(.init2)
 .init2         0x000000000000012a        0xc C:/Program Files (x86)/Atmel/Studio/7.0/Packs/atmel/ATmega_DFP/1.7.374/xc8/avr/lib/avr5/memx-const/crtatmega16.o
 *(.init2)
 *(.init3)
 *(.init3)
 *(.init4)
 .init4         0x0000000000000136       0x3c c:/program files/microchip/xc8/v2.36/avr/bin/../lib/gcc/avr/5.4.0/avr5/memx-const\libgcc.a(_copy_data.o)
                0x0000000000000136                __do_copy_data
                0x0000000000000164                __do_clear_bss
 *(.init4)
 *(.init5)
 *(.init5)
 *(.init6)
 *(.init6)
 *(.init7)
 *(.init7)
 *(.init8)
 *(.init8)
 *(.init9)
 .init9         0x0000000000000172        0x8 C:/Program Files (x86)/Atmel/Studio/7.0/Packs/atmel/ATmega_DFP/1.7.374/xc8/avr/lib/avr5/memx-const/crtatmega16.o
 *(.init9)
                0x000000000000017a                . = ALIGN (0x2)
 *(.fini9)
 .fini9         0x000000000000017a        0x0 c:/program files/microchip/xc8/v2.36/avr/bin/../lib/gcc/avr/5.4.0/avr5/memx-const\libgcc.a(_exit.o)
                0x000000000000017a                _exit
 *(.fini9)
 *(.fini8)
 *(.fini8)
 *(.fini7)
 *(.fini7)
 *(.fini6)
 *(.fini6)
 *(.fini5)
 *(.fini5)
 *(.fini4)
 *(.fini4)
 *(.fini3)
 *(.fini3)
 *(.fini2)
 *(.fini2)
 *(.fini1)
 *(.fini1)
 *(.fini0)
 .fini0         0x000000000000017a        0x4 c:/program files/microchip/xc8/v2.36/avr/bin/../lib/gcc/avr/5.4.0/avr5/memx-const\libgcc.a(_exit.o)
 *(.fini0)
                0x000000000000017e                _etext = .

.data           0x0000000000800060        0x0 load address 0x000000000000017e
                [!provide]                        PROVIDE (__data_start, .)
 *(.gnu.linkonce.d*)
 *(.gnu.linkonce.r*)
                0x0000000000800060                . = ALIGN (0x2)
 *fill*         0x0000000000800060        0x0 
                0x0000000000800060                _edata = .
                [!provide]                        PROVIDE (__data_end, .)

.bss            0x0000000000800060        0x4
                [!provide]                        PROVIDE (__bss_start, .)
 *(COMMON)
 COMMON         0x0000000000800060        0x4 display_7s.o
                0x0000000000800060                TIME_ON
                0x0000000000800062                TIME_OFF
                [!provide]                        PROVIDE (__bss_end, .)
                0x000000000000017e                __data_load_start = LOADADDR (.data)
                0x000000000000017e                __data_load_end = (__data_load_start + SIZEOF (.data))

.noinit         0x0000000000800064        0x0
                [!provide]                        PROVIDE (__noinit_start, .)
 *(.noinit*)
                [!provide]                        PROVIDE (__noinit_end, .)
                0x0000000000800064                _end = .

.eeprom         0x0000000000810000        0x0
 *(.eeprom*)
                0x0000000000810000                __eeprom_end = .

.fuse
 *(.fuse)
 *(.lfuse)
 *(.hfuse)
 *(.efuse)

.lock
 *(.lock*)

.signature
 *(.signature*)

.user_signatures
 *(.user_signatures*)

.stab
 *(.stab)

.stabstr
 *(.stabstr)

.stab.excl
 *(.stab.excl)

.stab.exclstr
 *(.stab.exclstr)

.stab.index
 *(.stab.index)

.stab.indexstr
 *(.stab.indexstr)

.comment        0x0000000000000000       0x2f
 *(.comment)
 .comment       0x0000000000000000       0x2f coder_7seg.o
                                         0x30 (size before relaxing)
 .comment       0x000000000000002f       0x30 display_7s.o
 .comment       0x000000000000002f       0x30 main.o
 .comment       0x000000000000002f       0x30 RTC.o
 .comment       0x000000000000002f       0x30 TWI_Master.o
 .comment       0x000000000000002f       0x30 c:/program files/microchip/xc8/v2.36/avr/bin/../lib/gcc/avr/5.4.0/../../../../avr/lib/avr5/memx-const\libc.a(exit.o)
 .comment       0x000000000000002f       0x30 c:/program files/microchip/xc8/v2.36/avr/bin/../lib/gcc/avr/5.4.0/../../../../avr/lib/avr5/memx-const\libc.a(_Exit.o)

.stack.descriptors.hdr
                0x0000000000000000       0x46
 .stack.descriptors.hdr
                0x0000000000000000        0xe c:/program files/microchip/xc8/v2.36/avr/bin/../lib/gcc/avr/5.4.0/avr5/memx-const\libgcc.a(_divmodhi4.o)
 .stack.descriptors.hdr
                0x000000000000000e        0xe c:/program files/microchip/xc8/v2.36/avr/bin/../lib/gcc/avr/5.4.0/avr5/memx-const\libgcc.a(_tablejump2.o)
 .stack.descriptors.hdr
                0x000000000000001c        0xe c:/program files/microchip/xc8/v2.36/avr/bin/../lib/gcc/avr/5.4.0/avr5/memx-const\libgcc.a(_umulhisi3.o)
 .stack.descriptors.hdr
                0x000000000000002a        0xe c:/program files/microchip/xc8/v2.36/avr/bin/../lib/gcc/avr/5.4.0/avr5/memx-const\libgcc.a(_udivmodhi4.o)
 .stack.descriptors.hdr
                0x0000000000000038        0xe c:/program files/microchip/xc8/v2.36/avr/bin/../lib/gcc/avr/5.4.0/avr5/memx-const\libgcc.a(_exit.o)

.note.GNU-stack
                0x0000000000000000        0x0
 .note.GNU-stack
                0x0000000000000000        0x0 c:/program files/microchip/xc8/v2.36/avr/bin/../lib/gcc/avr/5.4.0/../../../../avr/lib/avr5/memx-const\libc.a(exit.o)
 .note.GNU-stack
                0x0000000000000000        0x0 c:/program files/microchip/xc8/v2.36/avr/bin/../lib/gcc/avr/5.4.0/../../../../avr/lib/avr5/memx-const\libc.a(_Exit.o)

.note.gnu.build-id
 *(.note.gnu.build-id)

.debug
 *(.debug)

.line
 *(.line)

.debug_srcinfo
 *(.debug_srcinfo)

.debug_sfnames
 *(.debug_sfnames)

.debug_aranges  0x0000000000000000      0x1c8
 *(.debug_aranges)
 .debug_aranges
                0x0000000000000000       0x20 coder_7seg.o
 .debug_aranges
                0x0000000000000020       0x40 display_7s.o
 .debug_aranges
                0x0000000000000060       0x60 main.o
 .debug_aranges
                0x00000000000000c0       0xb0 RTC.o
 .debug_aranges
                0x0000000000000170       0x58 TWI_Master.o

.debug_pubnames
 *(.debug_pubnames)

.debug_info     0x0000000000000000     0x262c
 *(.debug_info .gnu.linkonce.wi.*)
 .debug_info    0x0000000000000000      0x52e C:/Program Files (x86)/Atmel/Studio/7.0/Packs/atmel/ATmega_DFP/1.7.374/xc8/avr/lib/avr5/memx-const/crtatmega16.o
 .debug_info    0x000000000000052e      0x260 coder_7seg.o
 .debug_info    0x000000000000078e      0x8e4 display_7s.o
 .debug_info    0x0000000000001072      0x7da main.o
 .debug_info    0x000000000000184c      0x7f4 RTC.o
 .debug_info    0x0000000000002040      0x5ec TWI_Master.o

.debug_abbrev   0x0000000000000000      0xc0c
 *(.debug_abbrev)
 .debug_abbrev  0x0000000000000000      0x4e7 C:/Program Files (x86)/Atmel/Studio/7.0/Packs/atmel/ATmega_DFP/1.7.374/xc8/avr/lib/avr5/memx-const/crtatmega16.o
 .debug_abbrev  0x00000000000004e7       0x62 coder_7seg.o
 .debug_abbrev  0x0000000000000549      0x1d6 display_7s.o
 .debug_abbrev  0x000000000000071f      0x20c main.o
 .debug_abbrev  0x000000000000092b      0x111 RTC.o
 .debug_abbrev  0x0000000000000a3c      0x1d0 TWI_Master.o

.debug_line     0x0000000000000000      0xedc
 *(.debug_line .debug_line.* .debug_line_end)
 .debug_line    0x0000000000000000      0x119 C:/Program Files (x86)/Atmel/Studio/7.0/Packs/atmel/ATmega_DFP/1.7.374/xc8/avr/lib/avr5/memx-const/crtatmega16.o
 .debug_line    0x0000000000000119       0xb2 coder_7seg.o
 .debug_line    0x00000000000001cb      0x38d display_7s.o
 .debug_line    0x0000000000000558      0x3ea main.o
 .debug_line    0x0000000000000942      0x299 RTC.o
 .debug_line    0x0000000000000bdb      0x301 TWI_Master.o

.debug_frame    0x0000000000000000      0x3c8
 *(.debug_frame)
 .debug_frame   0x0000000000000000       0x24 coder_7seg.o
 .debug_frame   0x0000000000000024       0x94 display_7s.o
 .debug_frame   0x00000000000000b8       0xbc main.o
 .debug_frame   0x0000000000000174      0x164 RTC.o
 .debug_frame   0x00000000000002d8       0xf0 TWI_Master.o

.debug_str      0x0000000000000000      0x2da
 *(.debug_str)
 .debug_str     0x0000000000000000      0x1af C:/Program Files (x86)/Atmel/Studio/7.0/Packs/atmel/ATmega_DFP/1.7.374/xc8/avr/lib/avr5/memx-const/crtatmega16.o
 .debug_str     0x00000000000001af        0x0 coder_7seg.o
 .debug_str     0x00000000000001af       0x3f display_7s.o
 .debug_str     0x00000000000001ee       0x70 main.o
 .debug_str     0x000000000000025e       0x6e RTC.o
 .debug_str     0x00000000000002cc        0xe TWI_Master.o

.debug_loc      0x0000000000000000      0xbf5
 *(.debug_loc)
 .debug_loc     0x0000000000000000       0x28 coder_7seg.o
 .debug_loc     0x0000000000000028      0x57f display_7s.o
 .debug_loc     0x00000000000005a7      0x14f main.o
 .debug_loc     0x00000000000006f6      0x269 RTC.o
 .debug_loc     0x000000000000095f      0x296 TWI_Master.o

.debug_macinfo
 *(.debug_macinfo)

.debug_weaknames
 *(.debug_weaknames)

.debug_funcnames
 *(.debug_funcnames)

.debug_typenames
 *(.debug_typenames)

.debug_varnames
 *(.debug_varnames)

.debug_pubtypes
 *(.debug_pubtypes)

.debug_ranges   0x0000000000000000      0x178
 *(.debug_ranges)
 .debug_ranges  0x0000000000000000       0x10 coder_7seg.o
 .debug_ranges  0x0000000000000010       0x30 display_7s.o
 .debug_ranges  0x0000000000000040       0x50 main.o
 .debug_ranges  0x0000000000000090       0xa0 RTC.o
 .debug_ranges  0x0000000000000130       0x48 TWI_Master.o

.debug_macro
 *(.debug_macro)
OUTPUT(vfd-clock.elf elf32-avr)
LOAD linker stubs
LOAD data_init

.note.gnu.avr.deviceinfo
                0x0000000000000000       0x3c
 .note.gnu.avr.deviceinfo
                0x0000000000000000       0x3c C:/Program Files (x86)/Atmel/Studio/7.0/Packs/atmel/ATmega_DFP/1.7.374/xc8/avr/lib/avr5/memx-const/crtatmega16.o

.bss.marker     0x0000000000800077        0x1
 .bss.marker    0x0000000000800077        0x1 main.o
                0x0000000000800077                marker

.bss.buttonCounter
                0x0000000000800078        0x1
 .bss.buttonCounter
                0x0000000000800078        0x1 main.o
                0x0000000000800078                buttonCounter

.bss.mode       0x0000000000800079        0x1
 .bss.mode      0x0000000000800079        0x1 main.o
                0x0000000000800079                mode

.bss.mainCounter
                0x000000000080007b        0x1
 .bss.mainCounter
                0x000000000080007b        0x1 main.o
                0x000000000080007b                mainCounter

.bss.currentDate
                0x000000000080006c        0x4
 .bss.currentDate
                0x000000000080006c        0x4 main.o
                0x000000000080006c                currentDate

.bss.currentTime
                0x0000000000800074        0x3
 .bss.currentTime
                0x0000000000800074        0x3 main.o
                0x0000000000800074                currentTime

.bss.displayString
                0x0000000000800064        0x8
 .bss.displayString
                0x0000000000800064        0x8 main.o
                0x0000000000800064                displayString

.bss.TWI_bufPtr.2011
                0x000000000080007c        0x1
 .bss.TWI_bufPtr.2011
                0x000000000080007c        0x1 TWI_Master.o

.bss.TWI_statusReg
                0x000000000080007d        0x1
 .bss.TWI_statusReg
                0x000000000080007d        0x1 TWI_Master.o
                0x000000000080007d                TWI_statusReg

.bss.TWI_msgSize
                0x000000000080007f        0x1
 .bss.TWI_msgSize
                0x000000000080007f        0x1 TWI_Master.o

.bss.TWI_buf    0x0000000000800070        0x4
 .bss.TWI_buf   0x0000000000800070        0x4 TWI_Master.o

.progmemx.data.lettersTable
                0x000000000000017e        0xf
 .progmemx.data.lettersTable
                0x000000000000017e        0xf coder_7seg.o
                0x000000000000017e                lettersTable

.progmemx.data.digitsTable
                0x000000000000018d        0xa
 .progmemx.data.digitsTable
                0x000000000000018d        0xa coder_7seg.o
                0x000000000000018d                digitsTable

.progmemx.data.segmentsTable
                0x0000000000000197        0x8
 .progmemx.data.segmentsTable
                0x0000000000000197        0x8 coder_7seg.o
                0x0000000000000197                segmentsTable

.progmemx.data.symbolsTable
                0x000000000000019f        0x3
 .progmemx.data.symbolsTable
                0x000000000000019f        0x3 coder_7seg.o
                0x000000000000019f                symbolsTable

.text.displayChars
                0x00000000000001a2      0x21c
 .text.displayChars
                0x00000000000001a2      0x21c display_7s.o
                0x00000000000001a2                displayChars

.text.codeToDisplay
                0x00000000000003be      0x122
 .text.codeToDisplay
                0x00000000000003be      0x122 coder_7seg.o
                0x00000000000003be                codeToDisplay

.text.getDate   0x00000000000004e0       0xfe
 .text.getDate  0x00000000000004e0       0xfe main.o
                0x00000000000004e0                getDate

.text.__vector_17
                0x00000000000005de       0xea
 .text.__vector_17
                0x00000000000005de       0xea TWI_Master.o
                0x00000000000005de                __vector_17

.text.getTime   0x00000000000006c8       0xd8
 .text.getTime  0x00000000000006c8       0xd8 main.o
                0x00000000000006c8                getTime

.text.main      0x00000000000007a0       0x9c
 .text.main     0x00000000000007a0       0x9c main.o
                0x00000000000007a0                main

.text.TWI_Start_Transceiver_With_Data
                0x000000000000083c       0x5e
 .text.TWI_Start_Transceiver_With_Data
                0x000000000000083c       0x5e TWI_Master.o
                0x000000000000083c                TWI_Start_Transceiver_With_Data

.text.RTCRead   0x000000000000089a       0x4c
 .text.RTCRead  0x000000000000089a       0x4c RTC.o
                0x000000000000089a                RTCRead

.text.TWI_Get_Data_From_Transceiver
                0x00000000000008e6       0x4c
 .text.TWI_Get_Data_From_Transceiver
                0x00000000000008e6       0x4c TWI_Master.o
                0x00000000000008e6                TWI_Get_Data_From_Transceiver

.text.dimmer    0x0000000000000932       0x4a
 .text.dimmer   0x0000000000000932       0x4a display_7s.o
                0x0000000000000932                dimmer

.text.my_delay_us
                0x000000000000097c       0x3e
 .text.my_delay_us
                0x000000000000097c       0x3e display_7s.o
                0x000000000000097c                my_delay_us

.text.WaitForTransceiverNotBusy
                0x00000000000009ba       0x2a
 .text.WaitForTransceiverNotBusy
                0x00000000000009ba       0x2a TWI_Master.o
                0x00000000000009ba                WaitForTransceiverNotBusy

.text.libgcc.div
                0x00000000000009e4       0x28
 .text.libgcc.div
                0x00000000000009e4       0x28 c:/program files/microchip/xc8/v2.36/avr/bin/../lib/gcc/avr/5.4.0/avr5/memx-const\libgcc.a(_divmodhi4.o)
                0x00000000000009e4                _div
                0x00000000000009e4                __divmodhi4

.text.libgcc.div
                0x0000000000000a0c       0x28
 .text.libgcc.div
                0x0000000000000a0c       0x28 c:/program files/microchip/xc8/v2.36/avr/bin/../lib/gcc/avr/5.4.0/avr5/memx-const\libgcc.a(_udivmodhi4.o)
                0x0000000000000a0c                __udivmodhi4

.text.my_delay_ms
                0x0000000000000a34       0x1e
 .text.my_delay_ms
                0x0000000000000a34       0x1e main.o
                0x0000000000000a34                my_delay_ms

.text.getDataToDisplay
                0x0000000000000a52       0x1e
 .text.getDataToDisplay
                0x0000000000000a52       0x1e main.o
                0x0000000000000a52                getDataToDisplay

.text.libgcc.mul
                0x0000000000000a70       0x1e
 .text.libgcc.mul
                0x0000000000000a70       0x1e c:/program files/microchip/xc8/v2.36/avr/bin/../lib/gcc/avr/5.4.0/avr5/memx-const\libgcc.a(_umulhisi3.o)
                0x0000000000000a70                __umulhisi3

.text.displayLed
                0x0000000000000a8e       0x18
 .text.displayLed
                0x0000000000000a8e       0x18 main.o
                0x0000000000000a8e                displayLed

.text.exit      0x0000000000000aa6       0x16
 .text.exit     0x0000000000000aa6       0x16 c:/program files/microchip/xc8/v2.36/avr/bin/../lib/gcc/avr/5.4.0/../../../../avr/lib/avr5/memx-const\libc.a(exit.o)
                0x0000000000000aa6                exit

.text.toggleMode
                0x0000000000000abc       0x14
 .text.toggleMode
                0x0000000000000abc       0x14 main.o
                0x0000000000000abc                toggleMode

.text.TWI_Master_Initialise
                0x0000000000000ad0        0xe
 .text.TWI_Master_Initialise
                0x0000000000000ad0        0xe TWI_Master.o
                0x0000000000000ad0                TWI_Master_Initialise

.text.libgcc    0x0000000000000ade        0xc
 .text.libgcc   0x0000000000000ade        0xc c:/program files/microchip/xc8/v2.36/avr/bin/../lib/gcc/avr/5.4.0/avr5/memx-const\libgcc.a(_tablejump2.o)
                0x0000000000000ade                __tablejump2__

.text.Initialise_TWI_Master
                0x0000000000000aea        0x8
 .text.Initialise_TWI_Master
                0x0000000000000aea        0x8 RTC.o
                0x0000000000000aea                Initialise_TWI_Master

.text.GetSeconds
                0x0000000000000af2        0x8
 .text.GetSeconds
                0x0000000000000af2        0x8 RTC.o
                0x0000000000000af2                GetSeconds

.text.GetMinutes
                0x0000000000000afa        0x8
 .text.GetMinutes
                0x0000000000000afa        0x8 RTC.o
                0x0000000000000afa                GetMinutes

.text.GetHours  0x0000000000000b02        0x8
 .text.GetHours
                0x0000000000000b02        0x8 RTC.o
                0x0000000000000b02                GetHours

.text.GetMonthDay
                0x0000000000000b0a        0x8
 .text.GetMonthDay
                0x0000000000000b0a        0x8 RTC.o
                0x0000000000000b0a                GetMonthDay

.text.GetMonth  0x0000000000000b12        0x8
 .text.GetMonth
                0x0000000000000b12        0x8 RTC.o
                0x0000000000000b12                GetMonth

.text.GetYear   0x0000000000000b1a        0x8
 .text.GetYear  0x0000000000000b1a        0x8 RTC.o
                0x0000000000000b1a                GetYear

.text.TWI_Transceiver_Busy
                0x0000000000000b22        0x6
 .text.TWI_Transceiver_Busy
                0x0000000000000b22        0x6 TWI_Master.o
                0x0000000000000b22                TWI_Transceiver_Busy

.text           0x0000000000000b28        0x4
 .text          0x0000000000000b28        0x4 C:/Program Files (x86)/Atmel/Studio/7.0/Packs/atmel/ATmega_DFP/1.7.374/xc8/avr/lib/avr5/memx-const/crtatmega16.o
                0x0000000000000b28                __vector_1
                0x0000000000000b28                __vector_12
                0x0000000000000b28                __bad_interrupt
                0x0000000000000b28                __vector_6
                0x0000000000000b28                __vector_3
                0x0000000000000b28                __vector_11
                0x0000000000000b28                __vector_13
                0x0000000000000b28                __vector_19
                0x0000000000000b28                __vector_7
                0x0000000000000b28                __vector_5
                0x0000000000000b28                __vector_4
                0x0000000000000b28                __vector_9
                0x0000000000000b28                __vector_2
                0x0000000000000b28                __vector_15
                0x0000000000000b28                __vector_8
                0x0000000000000b28                __vector_14
                0x0000000000000b28                __vector_10
                0x0000000000000b28                __vector_16
                0x0000000000000b28                __vector_18
                0x0000000000000b28                __vector_20

.text._Exit     0x0000000000000b2c        0x4
 .text._Exit    0x0000000000000b2c        0x4 c:/program files/microchip/xc8/v2.36/avr/bin/../lib/gcc/avr/5.4.0/../../../../avr/lib/avr5/memx-const\libc.a(_Exit.o)
                0x0000000000000b2c                _Exit

.text.__dummy_fini
                0x0000000000000b30        0x2
 .text.__dummy_fini
                0x0000000000000b30        0x2 c:/program files/microchip/xc8/v2.36/avr/bin/../lib/gcc/avr/5.4.0/../../../../avr/lib/avr5/memx-const\libc.a(exit.o)
                0x0000000000000b30                _fini

.text.__dummy_funcs_on_exit
                0x0000000000000b32        0x2
 .text.__dummy_funcs_on_exit
                0x0000000000000b32        0x2 c:/program files/microchip/xc8/v2.36/avr/bin/../lib/gcc/avr/5.4.0/../../../../avr/lib/avr5/memx-const\libc.a(exit.o)
                0x0000000000000b32                __funcs_on_exit

.text.__dummy_simulator_exit
                0x0000000000000b34        0x2
 .text.__dummy_simulator_exit
                0x0000000000000b34        0x2 c:/program files/microchip/xc8/v2.36/avr/bin/../lib/gcc/avr/5.4.0/../../../../avr/lib/avr5/memx-const\libc.a(exit.o)
                0x0000000000000b34                __simulator_exit

.data.brightness
                0x000000000080007a        0x1 load address 0x0000000000000b36
 .data.brightness
                0x000000000080007a        0x1 main.o
                0x000000000080007a                brightness

.data.TWI_state
                0x000000000080007e        0x1 load address 0x0000000000000b37
 .data.TWI_state
                0x000000000080007e        0x1 TWI_Master.o
